[backblue.gif]
[fade.gif]
[index.html]
[127.0.0.1_5000/static/images/logo-university-of-manchester.png]
[127.0.0.1_5000/static/images/DW_Conceptual_Model.png]
[127.0.0.1_5000/index.html]
[127.0.0.1_5000/stages.html]
[127.0.0.1_5000/spatterns.html]
[127.0.0.1_5000/constructs.html]
[127.0.0.1_5000/cpatterns.html]
[127.0.0.1_5000/classes.html]
[127.0.0.1_5000/stages/Get Data.html]
[127.0.0.1_5000/stages/Explore.html]
[127.0.0.1_5000/stages/Cleaning.html]
[127.0.0.1_5000/stages/Structuring1.html]
[127.0.0.1_5000/stages/Structuring2.html]
[127.0.0.1_5000/stages/Integration.html]
[127.0.0.1_5000/stages/Enriching3.html]
[127.0.0.1_5000/stages/Transform.html]
[127.0.0.1_5000/stages/User Defined Functions.html]
[127.0.0.1_5000/stages/Post Data.html]
[127.0.0.1_5000/stages/MetaNode(s).html]
[127.0.0.1_5000/static/images/spatterns/ps1.png]
[127.0.0.1_5000/spatterns/ps1.html]
[127.0.0.1_5000/static/images/spatterns/ps2.png]
[127.0.0.1_5000/spatterns/ps2.html]
[127.0.0.1_5000/static/images/spatterns/ps3.png]
[127.0.0.1_5000/spatterns/ps3.html]
[127.0.0.1_5000/static/images/spatterns/pm1.png]
[127.0.0.1_5000/spatterns/pm1.html]
[127.0.0.1_5000/static/images/spatterns/pm2.png]
[127.0.0.1_5000/spatterns/pm2.html]
[127.0.0.1_5000/static/images/spatterns/pm3.png]
[127.0.0.1_5000/spatterns/pm3.html]
[127.0.0.1_5000/static/images/spatterns/pm4.png]
[127.0.0.1_5000/spatterns/pm4.html]
[127.0.0.1_5000/constructs/Pivot.html]
[127.0.0.1_5000/constructs/Unpivot.html]
[127.0.0.1_5000/constructs/Read File.html]
[127.0.0.1_5000/constructs/Column Convert.html]
[127.0.0.1_5000/constructs/Filter Rows.html]
[127.0.0.1_5000/constructs/Impute Values.html]
[127.0.0.1_5000/constructs/Remove Column.html]
[127.0.0.1_5000/constructs/Remove Duplicates.html]
[127.0.0.1_5000/constructs/Remove Null.html]
[127.0.0.1_5000/constructs/Column Arrange.html]
[127.0.0.1_5000/constructs/Create Column.html]
[127.0.0.1_5000/constructs/Merge Columns.html]
[127.0.0.1_5000/constructs/Rename Column.html]
[127.0.0.1_5000/constructs/Split Column.html]
[127.0.0.1_5000/constructs/Ungroup.html]
[127.0.0.1_5000/constructs/Aggregate.html]
[127.0.0.1_5000/constructs/Reduce Dimensions.html]
[127.0.0.1_5000/constructs/Remove Columns.html]
[127.0.0.1_5000/constructs/Select Columns.html]
[127.0.0.1_5000/constructs/Sort.html]
[127.0.0.1_5000/constructs/Split Table.html]
[127.0.0.1_5000/constructs/Transpose.html]
[127.0.0.1_5000/constructs/Join.html]
[127.0.0.1_5000/constructs/Union.html]
[127.0.0.1_5000/constructs/DayeOfWeek.html]
[127.0.0.1_5000/constructs/Assign Value.html]
[127.0.0.1_5000/constructs/Cell Manipulate.html]
[127.0.0.1_5000/constructs/Normalise Column.html]
[127.0.0.1_5000/constructs/Value Binning.html]
[127.0.0.1_5000/constructs/Script.html]
[127.0.0.1_5000/constructs/Write File.html]
[127.0.0.1_5000/static/images/cpatterns/EF.png]
[127.0.0.1_5000/cpatterns/EF.html]
[127.0.0.1_5000/static/images/cpatterns/EDJ.png]
[127.0.0.1_5000/cpatterns/EDJ.html]
[127.0.0.1_5000/static/images/cpatterns/EPJ.png]
[127.0.0.1_5000/cpatterns/EPJ.html]
[127.0.0.1_5000/static/images/cpatterns/RD.png]
[127.0.0.1_5000/cpatterns/RD.html]
[127.0.0.1_5000/static/images/cpatterns/J.png]
[127.0.0.1_5000/cpatterns/J.html]
[127.0.0.1_5000/static/images/cpatterns/JwA.png]
[127.0.0.1_5000/cpatterns/JwA.html]
[127.0.0.1_5000/static/images/cpatterns/JAs.png]
[127.0.0.1_5000/cpatterns/JAs.html]
[127.0.0.1_5000/static/images/cpatterns/US.png]
[127.0.0.1_5000/cpatterns/US.html]
[127.0.0.1_5000/static/images/cpatterns/A.png]
[127.0.0.1_5000/cpatterns/A.html]
[127.0.0.1_5000/static/images/cpatterns/UU.png]
[127.0.0.1_5000/cpatterns/UU.html]
[127.0.0.1_5000/static/images/cpatterns/SCV.png]
[127.0.0.1_5000/cpatterns/SCV.html]
[127.0.0.1_5000/static/images/cpatterns/R.png]
[127.0.0.1_5000/cpatterns/R.html]
[127.0.0.1_5000/static/images/cpatterns/VS.png]
[127.0.0.1_5000/cpatterns/VS.html]
[127.0.0.1_5000/static/images/cpatterns/WF.png]
[127.0.0.1_5000/cpatterns/WF.html]
[127.0.0.1_5000/static/images/cpatterns/WS.png]
[127.0.0.1_5000/cpatterns/WS.html]
[127.0.0.1_5000/stages/None.html]
